// Jest Snapshot v1, https://goo.gl/fbAQLP

exports[`SpearlyContentList initialized snapshot 1`] = `<div />`;
